// Jest Snapshot v1, https://goo.gl/fbAQLP

exports[`getMirror 1`] = `
Object {
  "data": Object {
    "mirror": Object {
      "asnum": 50472,
      "continentCode": "EU",
      "countryCodes": "DE",
      "enabled": true,
      "fileCount": 45255,
      "httpUrl": "https://berlin-ak.ftp.media.ccc.de/",
      "id": "berlin-ak",
      "lastSync": "2019-01-20T19:19:50.000Z",
      "latitude": 51,
      "longitude": 9,
      "monthBytes": "866022092309112",
      "monthDownloads": 2206722,
      "sponsorLogoUrl": "",
      "sponsorName": "",
      "sponsorUrl": "",
      "up": false,
    },
    "node": Object {
      "asnum": 50472,
      "continentCode": "EU",
      "countryCodes": "DE",
      "enabled": true,
      "fileCount": 45255,
      "httpUrl": "https://berlin-ak.ftp.media.ccc.de/",
      "id": "berlin-ak",
      "lastSync": "2019-01-20T19:19:50.000Z",
      "latitude": 51,
      "longitude": 9,
      "monthBytes": "866022092309112",
      "monthDownloads": 2206722,
      "sponsorLogoUrl": "",
      "sponsorName": "",
      "sponsorUrl": "",
      "up": false,
    },
  },
  "errors": undefined,
  "extensions": undefined,
  "http": Object {
    "headers": Headers {
      Symbol(map): Object {},
    },
  },
}
`;

exports[`getMirrors 1`] = `
Object {
  "data": Object {
    "mirrors": Object {
      "nodes": Array [
        Object {
          "asnum": 50472,
          "continentCode": "EU",
          "countryCodes": "DE",
          "enabled": true,
          "fileCount": 45255,
          "httpUrl": "https://berlin-ak.ftp.media.ccc.de/",
          "id": "berlin-ak",
          "lastSync": "2019-01-20T19:19:50.000Z",
          "latitude": 51,
          "longitude": 9,
          "monthBytes": "866022092309112",
          "monthDownloads": 2206722,
          "sponsorLogoUrl": "",
          "sponsorName": "",
          "sponsorUrl": "",
          "up": false,
        },
        Object {
          "asnum": 8422,
          "continentCode": "EU",
          "countryCodes": "DE",
          "enabled": true,
          "fileCount": 44393,
          "httpUrl": "https://mirror.netcologne.de/CCC/",
          "id": "netcologne",
          "lastSync": "2019-01-20T19:29:43.000Z",
          "latitude": 50.9333,
          "longitude": 6.95,
          "monthBytes": "835205574713437",
          "monthDownloads": 2181163,
          "sponsorLogoUrl": "",
          "sponsorName": "Netcologne",
          "sponsorUrl": "http://mirror.netcologne.de/munin/netcologne.de/mirror.netcologne.de/",
          "up": true,
        },
        Object {
          "asnum": 553,
          "continentCode": "EU",
          "countryCodes": "DE",
          "enabled": true,
          "fileCount": 44392,
          "httpUrl": "https://mirror-1.server.selfnet.de/CCC/",
          "id": "selfnet",
          "lastSync": "2019-01-20T19:23:01.000Z",
          "latitude": 48.7667,
          "longitude": 9.1833,
          "monthBytes": "755608497865107",
          "monthDownloads": 1946338,
          "sponsorLogoUrl": "",
          "sponsorName": "",
          "sponsorUrl": "",
          "up": true,
        },
        Object {
          "asnum": 680,
          "continentCode": "EU",
          "countryCodes": "DE",
          "enabled": true,
          "fileCount": 44392,
          "httpUrl": "https://ftp.fau.de/cdn.media.ccc.de/",
          "id": "fau",
          "lastSync": "2019-01-20T19:39:47.000Z",
          "latitude": 49.5888,
          "longitude": 11.0098,
          "monthBytes": "528296142132612",
          "monthDownloads": 1352635,
          "sponsorLogoUrl": "",
          "sponsorName": "Friedrich-Alexander-Universität Erlangen-Nürnberg",
          "sponsorUrl": "http://ftp.fau.de/cgi-bin/show-ftp-stats.cgi?statstype=2&what=bytes&mirrorname=cdn.media.ccc.de&timespan=-1&graphsize=large&submit=Go%21",
          "up": true,
        },
        Object {
          "asnum": 1835,
          "continentCode": "EU",
          "countryCodes": "DK",
          "enabled": true,
          "fileCount": 44392,
          "httpUrl": "https://mirrors.dotsrc.org/cdn.media.ccc.de/",
          "id": "dotsrc",
          "lastSync": "2019-01-20T19:32:58.000Z",
          "latitude": 56,
          "longitude": 10,
          "monthBytes": "507648400389952",
          "monthDownloads": 1315870,
          "sponsorLogoUrl": "",
          "sponsorName": "",
          "sponsorUrl": "",
          "up": true,
        },
        Object {
          "asnum": 680,
          "continentCode": "EU",
          "countryCodes": "DE",
          "enabled": true,
          "fileCount": 44392,
          "httpUrl": "https://koeln.ftp.media.ccc.de/",
          "id": "koeln",
          "lastSync": "2019-01-20T19:36:19.000Z",
          "latitude": 50.7374,
          "longitude": 7.0982,
          "monthBytes": "495251404076822",
          "monthDownloads": 1271733,
          "sponsorLogoUrl": "",
          "sponsorName": "Studierendenwerk Bonn",
          "sponsorUrl": "https://koeln.media.ccc.de/mrtg/",
          "up": true,
        },
        Object {
          "asnum": 47610,
          "continentCode": "EU",
          "countryCodes": "DE",
          "enabled": true,
          "fileCount": 26876,
          "httpUrl": "https://ftp.halifax.rwth-aachen.de/ccc/",
          "id": "halifax",
          "lastSync": "2019-01-20T19:25:14.000Z",
          "latitude": 50.7708,
          "longitude": 6.1053,
          "monthBytes": "410755417009154",
          "monthDownloads": 995866,
          "sponsorLogoUrl": "",
          "sponsorName": "",
          "sponsorUrl": "",
          "up": true,
        },
        Object {
          "asnum": 8560,
          "continentCode": "EU",
          "countryCodes": "DE",
          "enabled": true,
          "fileCount": 44392,
          "httpUrl": "https://mirror.eu.oneandone.net/projects/media.ccc.de/",
          "id": "oneEU",
          "lastSync": "2019-01-20T19:35:54.000Z",
          "latitude": 51.2993,
          "longitude": 9.491,
          "monthBytes": "289558411450460",
          "monthDownloads": 786793,
          "sponsorLogoUrl": "",
          "sponsorName": "1&1 Internet",
          "sponsorUrl": "http://mirror.eu.oneandone.net/info.html",
          "up": true,
        },
        Object {
          "asnum": 8560,
          "continentCode": "NA",
          "countryCodes": "US",
          "enabled": true,
          "fileCount": 44392,
          "httpUrl": "https://mirror.us.oneandone.net/projects/media.ccc.de/",
          "id": "oneUS",
          "lastSync": "2019-01-20T19:15:39.000Z",
          "latitude": 37.751,
          "longitude": -97.822,
          "monthBytes": "194016299289951",
          "monthDownloads": 526876,
          "sponsorLogoUrl": "",
          "sponsorName": "1&1 Internet",
          "sponsorUrl": "http://mirror.us.oneandone.net/info.html",
          "up": true,
        },
        Object {
          "asnum": 8365,
          "continentCode": "EU",
          "countryCodes": "DE",
          "enabled": true,
          "fileCount": 44392,
          "httpUrl": "https://ftp.darmstadt.ccc.de/",
          "id": "darmstadt",
          "lastSync": "2019-01-20T19:17:37.000Z",
          "latitude": 49.8728,
          "longitude": 8.6512,
          "monthBytes": "24865146877075",
          "monthDownloads": 61416,
          "sponsorLogoUrl": "",
          "sponsorName": "",
          "sponsorUrl": "",
          "up": true,
        },
      ],
      "pageInfo": Object {
        "hasNextPage": false,
        "hasPreviousPage": false,
      },
      "totalCount": 10,
    },
  },
  "errors": undefined,
  "extensions": undefined,
  "http": Object {
    "headers": Headers {
      Symbol(map): Object {},
    },
  },
}
`;
